interactions:
  - request:
      body:
        password: PASSWORD
        username: USERNAME
      headers: { }
      method: POST
      uri: https://api.mangadex.org/auth/login
    response:
      body:
        string: '{"result":"ok","token":{"session":"session_token","refresh":"refresh"}}'
      headers:
        Access-Control-Allow-Credentials:
          - 'true'
        Access-Control-Expose-Headers:
          - Retry-After,X-RateLimit-Remaining,X-RateLimit-Retry-After,X-RateLimit-Limit,X-Cache-SiteKey,X-Correlation-ID
        Cache-Control:
          - no-cache, private
        Connection:
          - keep-alive
        Content-Security-Policy:
          - upgrade-insecure-requests;
        Content-Type:
          - application/json
        Date:
          - Sun, 30 May 2021 04:09:21 GMT
        Keep-Alive:
          - timeout=60
        Server:
          - ddos-guard
        Set-Cookie:
          - __ddg1=ua86BBtYfmlRg4dMBSKj; Domain=.mangadex.org; HttpOnly; Path=/; Expires=Mon,
            30-May-2022 04:09:21 GMT
        Transfer-Encoding:
          - chunked
        referrer-policy:
          - strict-origin
        x-content-type-options:
          - nosniff
        x-correlation-id:
          - 6a08162
        x-frame-options:
          - DENY
        x-ratelimit-limit:
          - '30'
        x-ratelimit-remaining:
          - '19'
        x-ratelimit-retry-after:
          - '1622350894'
        x-xss-protection:
          - 1; mode=block
      status:
        code: 200
        message: OK
      url: https://api.mangadex.org/auth/login
  - request:
      body: null
      headers:
        Cookie:
          - __ddg1=ua86BBtYfmlRg4dMBSKj
        authorization:
          - AUTHORIZATION
      method: GET
      uri: https://api.mangadex.org/auth/check
    response:
      body:
        string: '{"result":"ok","isAuthenticated":true,"roles":["ROLE_MEMBER","IS_JWT_AUTHENTICATED","IS_AUTHENTICATED_FULLY","IS_AUTHENTICATED_ANONYMOUSLY","IS_AUTHENTICATED_REMEMBERED"],"permissions":["user.list","manga.view","chapter.view","author.view","scanlation_group.view","cover.view","manga.list","chapter.list","author.list","scanlation_group.list","cover.list"]}'
      headers:
        Access-Control-Allow-Credentials:
          - 'true'
        Access-Control-Expose-Headers:
          - Retry-After,X-RateLimit-Remaining,X-RateLimit-Retry-After,X-RateLimit-Limit,X-Cache-SiteKey,X-Correlation-ID
        Cache-Control:
          - no-cache, private
        Connection:
          - keep-alive
        Content-Security-Policy:
          - upgrade-insecure-requests;
        Content-Type:
          - application/json
        Date:
          - Sun, 30 May 2021 04:09:22 GMT
        Keep-Alive:
          - timeout=60
        Server:
          - ddos-guard
        Transfer-Encoding:
          - chunked
        referrer-policy:
          - strict-origin
        x-content-type-options:
          - nosniff
        x-correlation-id:
          - dc157d7
        x-frame-options:
          - DENY
        x-xss-protection:
          - 1; mode=block
      status:
        code: 200
        message: OK
      url: https://api.mangadex.org/auth/check
  - request:
      body: null
      headers:
        Cookie:
          - __ddg1=ua86BBtYfmlRg4dMBSKj
        authorization:
          - AUTHORIZATION
      method: GET
      uri: https://api.mangadex.org/user/me
    response:
      body:
        string: '{"result":"ok","data":{"id":"72704f84-a9ac-4078-a688-0e910b811abc","type":"user","attributes":{"username":"PokestarFan","version":5}},"relationships":[]}'
      headers:
        Access-Control-Allow-Credentials:
          - 'true'
        Access-Control-Expose-Headers:
          - Retry-After,X-RateLimit-Remaining,X-RateLimit-Retry-After,X-RateLimit-Limit,X-Cache-SiteKey,X-Correlation-ID
        Cache-Control:
          - no-cache, private
        Connection:
          - keep-alive
        Content-Security-Policy:
          - upgrade-insecure-requests;
        Content-Type:
          - application/json
        Date:
          - Sun, 30 May 2021 04:09:22 GMT
        Keep-Alive:
          - timeout=60
        Server:
          - ddos-guard
        Transfer-Encoding:
          - chunked
        referrer-policy:
          - strict-origin
        x-content-type-options:
          - nosniff
        x-correlation-id:
          - 393e0c6
        x-frame-options:
          - DENY
        x-xss-protection:
          - 1; mode=block
      status:
        code: 200
        message: OK
      url: https://api.mangadex.org/user/me
version: 1
